d:\tertoisesvn\appzlion 3.5.10\studio\appzillonstudio-client\appzillon\sources\containers\windows10\packages\sqlitewinrt\x64\release\pch.pch
d:\tertoisesvn\appzlion 3.5.10\studio\appzillonstudio-client\appzillon\sources\containers\windows10\packages\sqlitewinrt\x64\release\vc140.pdb
d:\tertoisesvn\appzlion 3.5.10\studio\appzillonstudio-client\appzillon\sources\containers\windows10\packages\sqlitewinrt\x64\release\pch.obj
d:\tertoisesvn\appzlion 3.5.10\studio\appzillonstudio-client\appzillon\sources\containers\windows10\packages\sqlitewinrt\x64\release\statement.obj
d:\tertoisesvn\appzlion 3.5.10\studio\appzillonstudio-client\appzillon\sources\containers\windows10\packages\sqlitewinrt\x64\release\database.obj
d:\tertoisesvn\appzlion 3.5.10\studio\appzillonstudio-client\appzillon\sources\containers\windows10\x64\release\sqlitewinrtuwp\sqlitewinrt.dll
d:\tertoisesvn\appzlion 3.5.10\studio\appzillonstudio-client\appzillon\sources\containers\windows10\x64\release\sqlitewinrtuwp\sqlitewinrt.ipdb
d:\tertoisesvn\appzlion 3.5.10\studio\appzillonstudio-client\appzillon\sources\containers\windows10\x64\release\sqlitewinrtuwp\sqlitewinrt.iobj
d:\tertoisesvn\appzlion 3.5.10\studio\appzillonstudio-client\appzillon\sources\containers\windows10\x64\release\sqlitewinrtuwp\sqlitewinrt.winmd
d:\tertoisesvn\appzlion 3.5.10\studio\appzillonstudio-client\appzillon\sources\containers\windows10\x64\release\sqlitewinrtuwp\sqlitewinrt.pdb
d:\tertoisesvn\appzlion 3.5.10\studio\appzillonstudio-client\appzillon\sources\containers\windows10\x64\release\sqlitewinrtuwp\sqlitewinrt.lib
d:\tertoisesvn\appzlion 3.5.10\studio\appzillonstudio-client\appzillon\sources\containers\windows10\x64\release\sqlitewinrtuwp\sqlitewinrt.exp
d:\tertoisesvn\appzlion 3.5.10\studio\appzillonstudio-client\appzillon\sources\containers\windows10\packages\sqlitewinrt\x64\release\priconfig.xml
d:\tertoisesvn\appzlion 3.5.10\studio\appzillonstudio-client\appzillon\sources\containers\windows10\packages\sqlitewinrt\x64\release\priconfig.xml.intermediate
d:\tertoisesvn\appzlion 3.5.10\studio\appzillonstudio-client\appzillon\sources\containers\windows10\packages\sqlitewinrt\x64\release\layout.resfiles
d:\tertoisesvn\appzlion 3.5.10\studio\appzillonstudio-client\appzillon\sources\containers\windows10\packages\sqlitewinrt\x64\release\layout.resfiles.intermediate
d:\tertoisesvn\appzlion 3.5.10\studio\appzillonstudio-client\appzillon\sources\containers\windows10\packages\sqlitewinrt\x64\release\resources.resfiles
d:\tertoisesvn\appzlion 3.5.10\studio\appzillonstudio-client\appzillon\sources\containers\windows10\packages\sqlitewinrt\x64\release\resources.resfiles.intermediate
d:\tertoisesvn\appzlion 3.5.10\studio\appzillonstudio-client\appzillon\sources\containers\windows10\packages\sqlitewinrt\x64\release\pri.resfiles
d:\tertoisesvn\appzlion 3.5.10\studio\appzillonstudio-client\appzillon\sources\containers\windows10\packages\sqlitewinrt\x64\release\pri.resfiles.intermediate
d:\tertoisesvn\appzlion 3.5.10\studio\appzillonstudio-client\appzillon\sources\containers\windows10\x64\release\sqlitewinrtuwp\sqlitewinrt.pri
d:\tertoisesvn\appzlion 3.5.10\studio\appzillonstudio-client\appzillon\sources\containers\windows10\packages\sqlitewinrt\x64\release\qualifiers.txt
d:\tertoisesvn\appzlion 3.5.10\studio\appzillonstudio-client\appzillon\sources\containers\windows10\packages\sqlitewinrt\x64\release\qualifiers.txt.intermediate
d:\tertoisesvn\appzlion 3.5.10\studio\appzillonstudio-client\appzillon\sources\containers\windows10\packages\sqlitewinrt\x64\release\multiplequalifiersperdimensionfound.txt
d:\tertoisesvn\appzlion 3.5.10\studio\appzillonstudio-client\appzillon\sources\containers\windows10\packages\sqlitewinrt\x64\release\sqlitewinrt.tlog\cl.command.1.tlog
d:\tertoisesvn\appzlion 3.5.10\studio\appzillonstudio-client\appzillon\sources\containers\windows10\packages\sqlitewinrt\x64\release\sqlitewinrt.tlog\cl.read.1.tlog
d:\tertoisesvn\appzlion 3.5.10\studio\appzillonstudio-client\appzillon\sources\containers\windows10\packages\sqlitewinrt\x64\release\sqlitewinrt.tlog\cl.write.1.tlog
d:\tertoisesvn\appzlion 3.5.10\studio\appzillonstudio-client\appzillon\sources\containers\windows10\packages\sqlitewinrt\x64\release\sqlitewinrt.tlog\link.command.1.tlog
d:\tertoisesvn\appzlion 3.5.10\studio\appzillonstudio-client\appzillon\sources\containers\windows10\packages\sqlitewinrt\x64\release\sqlitewinrt.tlog\link.read.1.tlog
d:\tertoisesvn\appzlion 3.5.10\studio\appzillonstudio-client\appzillon\sources\containers\windows10\packages\sqlitewinrt\x64\release\sqlitewinrt.tlog\link.write.1.tlog
d:\tertoisesvn\appzlion 3.5.10\studio\appzillonstudio-client\appzillon\sources\containers\windows10\packages\sqlitewinrt\x64\release\sqlitewinrt.tlog\sqlitewinrt.read.1u.tlog
d:\tertoisesvn\appzlion 3.5.10\studio\appzillonstudio-client\appzillon\sources\containers\windows10\packages\sqlitewinrt\x64\release\sqlitewinrt.tlog\sqlitewinrt.write.1u.tlog
