d:\tertoisesvn\appzlion 3.5.10\studio\appzillonstudio-client\appzillon\sources\containers\windows10\packages\sqlitewinrt\arm\debug\pch.pch
d:\tertoisesvn\appzlion 3.5.10\studio\appzillonstudio-client\appzillon\sources\containers\windows10\packages\sqlitewinrt\arm\debug\vc140.pdb
d:\tertoisesvn\appzlion 3.5.10\studio\appzillonstudio-client\appzillon\sources\containers\windows10\packages\sqlitewinrt\arm\debug\pch.obj
d:\tertoisesvn\appzlion 3.5.10\studio\appzillonstudio-client\appzillon\sources\containers\windows10\packages\sqlitewinrt\arm\debug\statement.obj
d:\tertoisesvn\appzlion 3.5.10\studio\appzillonstudio-client\appzillon\sources\containers\windows10\packages\sqlitewinrt\arm\debug\database.obj
d:\tertoisesvn\appzlion 3.5.10\studio\appzillonstudio-client\appzillon\sources\containers\windows10\arm\debug\sqlitewinrtuwp\sqlitewinrt.ilk
d:\tertoisesvn\appzlion 3.5.10\studio\appzillonstudio-client\appzillon\sources\containers\windows10\arm\debug\sqlitewinrtuwp\sqlitewinrt.dll
d:\tertoisesvn\appzlion 3.5.10\studio\appzillonstudio-client\appzillon\sources\containers\windows10\arm\debug\sqlitewinrtuwp\sqlitewinrt.winmd
d:\tertoisesvn\appzlion 3.5.10\studio\appzillonstudio-client\appzillon\sources\containers\windows10\arm\debug\sqlitewinrtuwp\sqlitewinrt.pdb
d:\tertoisesvn\appzlion 3.5.10\studio\appzillonstudio-client\appzillon\sources\containers\windows10\arm\debug\sqlitewinrtuwp\sqlitewinrt.lib
d:\tertoisesvn\appzlion 3.5.10\studio\appzillonstudio-client\appzillon\sources\containers\windows10\arm\debug\sqlitewinrtuwp\sqlitewinrt.exp
d:\tertoisesvn\appzlion 3.5.10\studio\appzillonstudio-client\appzillon\sources\containers\windows10\packages\sqlitewinrt\arm\debug\priconfig.xml
d:\tertoisesvn\appzlion 3.5.10\studio\appzillonstudio-client\appzillon\sources\containers\windows10\packages\sqlitewinrt\arm\debug\priconfig.xml.intermediate
d:\tertoisesvn\appzlion 3.5.10\studio\appzillonstudio-client\appzillon\sources\containers\windows10\packages\sqlitewinrt\arm\debug\layout.resfiles
d:\tertoisesvn\appzlion 3.5.10\studio\appzillonstudio-client\appzillon\sources\containers\windows10\packages\sqlitewinrt\arm\debug\layout.resfiles.intermediate
d:\tertoisesvn\appzlion 3.5.10\studio\appzillonstudio-client\appzillon\sources\containers\windows10\packages\sqlitewinrt\arm\debug\resources.resfiles
d:\tertoisesvn\appzlion 3.5.10\studio\appzillonstudio-client\appzillon\sources\containers\windows10\packages\sqlitewinrt\arm\debug\resources.resfiles.intermediate
d:\tertoisesvn\appzlion 3.5.10\studio\appzillonstudio-client\appzillon\sources\containers\windows10\packages\sqlitewinrt\arm\debug\pri.resfiles
d:\tertoisesvn\appzlion 3.5.10\studio\appzillonstudio-client\appzillon\sources\containers\windows10\packages\sqlitewinrt\arm\debug\pri.resfiles.intermediate
d:\tertoisesvn\appzlion 3.5.10\studio\appzillonstudio-client\appzillon\sources\containers\windows10\arm\debug\sqlitewinrtuwp\sqlitewinrt.pri
d:\tertoisesvn\appzlion 3.5.10\studio\appzillonstudio-client\appzillon\sources\containers\windows10\packages\sqlitewinrt\arm\debug\qualifiers.txt
d:\tertoisesvn\appzlion 3.5.10\studio\appzillonstudio-client\appzillon\sources\containers\windows10\packages\sqlitewinrt\arm\debug\qualifiers.txt.intermediate
d:\tertoisesvn\appzlion 3.5.10\studio\appzillonstudio-client\appzillon\sources\containers\windows10\packages\sqlitewinrt\arm\debug\multiplequalifiersperdimensionfound.txt
d:\tertoisesvn\appzlion 3.5.10\studio\appzillonstudio-client\appzillon\sources\containers\windows10\packages\sqlitewinrt\arm\debug\sqlitewinrt.tlog\cl.command.1.tlog
d:\tertoisesvn\appzlion 3.5.10\studio\appzillonstudio-client\appzillon\sources\containers\windows10\packages\sqlitewinrt\arm\debug\sqlitewinrt.tlog\cl.read.1.tlog
d:\tertoisesvn\appzlion 3.5.10\studio\appzillonstudio-client\appzillon\sources\containers\windows10\packages\sqlitewinrt\arm\debug\sqlitewinrt.tlog\cl.write.1.tlog
d:\tertoisesvn\appzlion 3.5.10\studio\appzillonstudio-client\appzillon\sources\containers\windows10\packages\sqlitewinrt\arm\debug\sqlitewinrt.tlog\link.command.1.tlog
d:\tertoisesvn\appzlion 3.5.10\studio\appzillonstudio-client\appzillon\sources\containers\windows10\packages\sqlitewinrt\arm\debug\sqlitewinrt.tlog\link.read.1.tlog
d:\tertoisesvn\appzlion 3.5.10\studio\appzillonstudio-client\appzillon\sources\containers\windows10\packages\sqlitewinrt\arm\debug\sqlitewinrt.tlog\link.write.1.tlog
d:\tertoisesvn\appzlion 3.5.10\studio\appzillonstudio-client\appzillon\sources\containers\windows10\packages\sqlitewinrt\arm\debug\sqlitewinrt.tlog\sqlitewinrt.read.1u.tlog
d:\tertoisesvn\appzlion 3.5.10\studio\appzillonstudio-client\appzillon\sources\containers\windows10\packages\sqlitewinrt\arm\debug\sqlitewinrt.tlog\sqlitewinrt.write.1u.tlog
